// Jest Snapshot v1, https://goo.gl/fbAQLP

exports[`asBreadcrumbsClean creates breadcrumbs for basic 1-level menu 1`] = `"<ul><li><span>products</span></li></ul>"`;

exports[`asBreadcrumbsClean creates breadcrumbs for basic 2-level menu 1`] = `"<ul><li><a href=\\"/products\\"><span>products</span></a></li><span></span><li><span>productA</span></li></ul>"`;
